#Example:
#'@' is used as delimiter

%SOURCE_PATH-PART%@%OUTPUT_PATH-PART%@%OPTIONS%@%Collection_Title-eng%@%Collection_Title-ger%@%CHAPTER_LANG%@%CHAPTER_TITLE%
	%SOURCE_PATH-PART%@%OUTPUT_PATH-PART%@%OPTIONS%@%Season_Partnumber%@%Season_Totalparts%@%Season_Title-eng%@%Season_Title-ger%
		%Episode_Partnumber%. %Episode_Title-eng%@%Episode_Title-ger%


Ein Käfig voller Helden@Hogean's Heros_Ein Käfig voller Helden@--threshold 24m 26m@Hogean's Heros@Ein Käfig voller Helden@eng%ger@Chapter $i%Kapitel $i
	Ein Käfig voller Helden Staffel 1 Disc 1@Staffel 1@--subtitle_convert@1@6@Season 1@Staffel 1
		1. The Informer@Kuckuck im Nest
		2. Hold That Tiger@Operation „Tiger“
		3. Kommandant of the Year@Kommandant des Jahres
		4. The Late Inspector General@Es war einmal ein General
		5. The Flight of the Valkyrie@Die Pflicht zu fliehen
		6. The Prisoner's Prisoner@Das graue Phantom
		7. German Bridge Is Falling Down@Mit eingebauter Bombe
	Ein Käfig voller Helden Staffel 1 Disc 2@Staffel 1@1@6@Season 1@Staffel 1
		8. Movies Are Your Best Escape@Achtung, Aufnahme!
		9. Go Light on the Heavy Water@Was ist in dem Faß?
		10. Top Hat, White Tie and Bomb Sights@Kennen Sie Lilli Marleen?
		11. Happiness Is a Warm Sergeant@Der Zahnarzttermin
		12. The Scientist@In einer Blitzaktion
		13. Hogan's Hofbrau@Die falschen Fünfziger
		14. Oil for the Lamps of Hogan@Alles in Öl

