#DVDSOURCE@[--OPTION1 OPTION_VALUE1 OPTION_VALUE2 --OPTION2 OPTION_VALUE ..]@/DESTINATION/
#	TRACK@[--OPTION1 OPTION_VALUE1 OPTION_VALUE2 --OPTION2 OPTION_VALUE ..]@NAMEWITHOUTEXTENSION
#
#OPTION:
#	--threshold LOWERLIMIT HIGHERLIMIT | --threshold timearea
#
#DVDSOURCE@[--OPTION1=OPTION_VALUE --OPTION2 OPTION_VALUE ..]@/DESTINATION/DIR
#	NAME WITHOUT EXTENSION
#	IN Order of Appearance

#Example:

@--pattern $Collection_TITLE_eng@

Ein Käfig voller Helden Staffel 1 Disc 1@--threshold 24m 26m --pattern $Episode_PART_NUMBER $Episode_TITLE_eng $Episode_TITLE_ger@/Staffel 1
	1. Kuckuck im Nest
	2. Operation „Tiger“
	3. Kommandant des Jahres
	4. Es war einmal ein General
	5. Die Pflicht zu fliehen
	6. Das graue Phantom
	7. Mit eingebauter Bombe
Ein Käfig voller Helden Staffel 1 Disc 2@--threshold 24m 26m@/Staffel 1
	8. Achtung, Aufnahme!
	9. Was ist in dem Faß?
	10. Kennen Sie Lilli Marleen?
	11. Der Zahnarzttermin
	12. In einer Blitzaktion
	13. Die falschen Fünfziger
	14. Alles in Öl

#rips all Tracks within threshold, these will automatical named with there tracknumber
Ein Käfig voller Helden Staffel 1 Disc 3@--threshold 24m 26m@/Staffel 1
